// Jest Snapshot v1, https://goo.gl/fbAQLP

exports[`Matches snapshot 1`] = `
<DocumentFragment>
  <div
    class="typing-div"
  >
    <h2
      data-testid="intro-header"
    >
      <span
        class="cursor"
        data-testid="cursor"
      >
        |
      </span>
    </h2>
  </div>
</DocumentFragment>
`;
